src/pages/admin/AdminOrders.tsx(132,32): error TS2322: Type 'string' is not assignable to type '"success" | "warning" | "outline" | "default" | "destructive" | "secondary" | null | undefined'.
src/store/slices/cartSlice.ts(27,43): error TS2345: Argument of type 'ThunkDispatch<unknown, unknown, UnknownAction>' is not assignable to parameter of type 'ThunkDispatch<{ auth: AuthState; products: ProductState; cart: CartState; orders: OrderState; ui: UIState; wishlist: WishlistState; notifications: NotificationState; admin: AdminState; }, undefined, UnknownAction> & Dispatch<...>'.
  Type 'ThunkDispatch<unknown, unknown, UnknownAction>' is not assignable to type 'ThunkDispatch<{ auth: AuthState; products: ProductState; cart: CartState; orders: OrderState; ui: UIState; wishlist: WishlistState; notifications: NotificationState; admin: AdminState; }, undefined, UnknownAction>'.
    Type 'unknown' is not assignable to type '{ auth: AuthState; products: ProductState; cart: CartState; orders: OrderState; ui: UIState; wishlist: WishlistState; notifications: NotificationState; admin: AdminState; }'.
src/store/slices/cartSlice.ts(38,22): error TS2345: Argument of type 'ThunkDispatch<unknown, unknown, UnknownAction>' is not assignable to parameter of type 'ThunkDispatch<{ auth: AuthState; products: ProductState; cart: CartState; orders: OrderState; ui: UIState; wishlist: WishlistState; notifications: NotificationState; admin: AdminState; }, undefined, UnknownAction> & Dispatch<...>'.
  Type 'ThunkDispatch<unknown, unknown, UnknownAction>' is not assignable to type 'ThunkDispatch<{ auth: AuthState; products: ProductState; cart: CartState; orders: OrderState; ui: UIState; wishlist: WishlistState; notifications: NotificationState; admin: AdminState; }, undefined, UnknownAction>'.
    Type 'unknown' is not assignable to type '{ auth: AuthState; products: ProductState; cart: CartState; orders: OrderState; ui: UIState; wishlist: WishlistState; notifications: NotificationState; admin: AdminState; }'.
src/store/slices/cartSlice.ts(41,43): error TS2345: Argument of type 'ThunkDispatch<unknown, unknown, UnknownAction>' is not assignable to parameter of type 'ThunkDispatch<{ auth: AuthState; products: ProductState; cart: CartState; orders: OrderState; ui: UIState; wishlist: WishlistState; notifications: NotificationState; admin: AdminState; }, undefined, UnknownAction> & Dispatch<...>'.
  Type 'ThunkDispatch<unknown, unknown, UnknownAction>' is not assignable to type 'ThunkDispatch<{ auth: AuthState; products: ProductState; cart: CartState; orders: OrderState; ui: UIState; wishlist: WishlistState; notifications: NotificationState; admin: AdminState; }, undefined, UnknownAction>'.
    Type 'unknown' is not assignable to type '{ auth: AuthState; products: ProductState; cart: CartState; orders: OrderState; ui: UIState; wishlist: WishlistState; notifications: NotificationState; admin: AdminState; }'.
src/store/slices/cartSlice.ts(52,22): error TS2345: Argument of type 'ThunkDispatch<unknown, unknown, UnknownAction>' is not assignable to parameter of type 'ThunkDispatch<{ auth: AuthState; products: ProductState; cart: CartState; orders: OrderState; ui: UIState; wishlist: WishlistState; notifications: NotificationState; admin: AdminState; }, undefined, UnknownAction> & Dispatch<...>'.
  Type 'ThunkDispatch<unknown, unknown, UnknownAction>' is not assignable to type 'ThunkDispatch<{ auth: AuthState; products: ProductState; cart: CartState; orders: OrderState; ui: UIState; wishlist: WishlistState; notifications: NotificationState; admin: AdminState; }, undefined, UnknownAction>'.
    Type 'unknown' is not assignable to type '{ auth: AuthState; products: ProductState; cart: CartState; orders: OrderState; ui: UIState; wishlist: WishlistState; notifications: NotificationState; admin: AdminState; }'.
src/store/slices/cartSlice.ts(55,43): error TS2345: Argument of type 'ThunkDispatch<unknown, unknown, UnknownAction>' is not assignable to parameter of type 'ThunkDispatch<{ auth: AuthState; products: ProductState; cart: CartState; orders: OrderState; ui: UIState; wishlist: WishlistState; notifications: NotificationState; admin: AdminState; }, undefined, UnknownAction> & Dispatch<...>'.
  Type 'ThunkDispatch<unknown, unknown, UnknownAction>' is not assignable to type 'ThunkDispatch<{ auth: AuthState; products: ProductState; cart: CartState; orders: OrderState; ui: UIState; wishlist: WishlistState; notifications: NotificationState; admin: AdminState; }, undefined, UnknownAction>'.
    Type 'unknown' is not assignable to type '{ auth: AuthState; products: ProductState; cart: CartState; orders: OrderState; ui: UIState; wishlist: WishlistState; notifications: NotificationState; admin: AdminState; }'.
src/store/slices/cartSlice.ts(65,24): error TS2345: Argument of type 'ThunkDispatch<unknown, unknown, UnknownAction>' is not assignable to parameter of type 'ThunkDispatch<{ auth: AuthState; products: ProductState; cart: CartState; orders: OrderState; ui: UIState; wishlist: WishlistState; notifications: NotificationState; admin: AdminState; }, undefined, UnknownAction> & Dispatch<...>'.
  Type 'ThunkDispatch<unknown, unknown, UnknownAction>' is not assignable to type 'ThunkDispatch<{ auth: AuthState; products: ProductState; cart: CartState; orders: OrderState; ui: UIState; wishlist: WishlistState; notifications: NotificationState; admin: AdminState; }, undefined, UnknownAction>'.
    Type 'unknown' is not assignable to type '{ auth: AuthState; products: ProductState; cart: CartState; orders: OrderState; ui: UIState; wishlist: WishlistState; notifications: NotificationState; admin: AdminState; }'.
src/store/slices/cartSlice.ts(68,45): error TS2345: Argument of type 'ThunkDispatch<unknown, unknown, UnknownAction>' is not assignable to parameter of type 'ThunkDispatch<{ auth: AuthState; products: ProductState; cart: CartState; orders: OrderState; ui: UIState; wishlist: WishlistState; notifications: NotificationState; admin: AdminState; }, undefined, UnknownAction> & Dispatch<...>'.
  Type 'ThunkDispatch<unknown, unknown, UnknownAction>' is not assignable to type 'ThunkDispatch<{ auth: AuthState; products: ProductState; cart: CartState; orders: OrderState; ui: UIState; wishlist: WishlistState; notifications: NotificationState; admin: AdminState; }, undefined, UnknownAction>'.
    Type 'unknown' is not assignable to type '{ auth: AuthState; products: ProductState; cart: CartState; orders: OrderState; ui: UIState; wishlist: WishlistState; notifications: NotificationState; admin: AdminState; }'.
src/store/slices/cartSlice.ts(79,24): error TS2345: Argument of type 'ThunkDispatch<unknown, unknown, UnknownAction>' is not assignable to parameter of type 'ThunkDispatch<{ auth: AuthState; products: ProductState; cart: CartState; orders: OrderState; ui: UIState; wishlist: WishlistState; notifications: NotificationState; admin: AdminState; }, undefined, UnknownAction> & Dispatch<...>'.
  Type 'ThunkDispatch<unknown, unknown, UnknownAction>' is not assignable to type 'ThunkDispatch<{ auth: AuthState; products: ProductState; cart: CartState; orders: OrderState; ui: UIState; wishlist: WishlistState; notifications: NotificationState; admin: AdminState; }, undefined, UnknownAction>'.
    Type 'unknown' is not assignable to type '{ auth: AuthState; products: ProductState; cart: CartState; orders: OrderState; ui: UIState; wishlist: WishlistState; notifications: NotificationState; admin: AdminState; }'.
src/store/slices/cartSlice.ts(82,45): error TS2345: Argument of type 'ThunkDispatch<unknown, unknown, UnknownAction>' is not assignable to parameter of type 'ThunkDispatch<{ auth: AuthState; products: ProductState; cart: CartState; orders: OrderState; ui: UIState; wishlist: WishlistState; notifications: NotificationState; admin: AdminState; }, undefined, UnknownAction> & Dispatch<...>'.
  Type 'ThunkDispatch<unknown, unknown, UnknownAction>' is not assignable to type 'ThunkDispatch<{ auth: AuthState; products: ProductState; cart: CartState; orders: OrderState; ui: UIState; wishlist: WishlistState; notifications: NotificationState; admin: AdminState; }, undefined, UnknownAction>'.
    Type 'unknown' is not assignable to type '{ auth: AuthState; products: ProductState; cart: CartState; orders: OrderState; ui: UIState; wishlist: WishlistState; notifications: NotificationState; admin: AdminState; }'.
src/store/slices/orderSlice.ts(27,43): error TS2345: Argument of type 'ThunkDispatch<unknown, unknown, UnknownAction>' is not assignable to parameter of type 'ThunkDispatch<{ auth: AuthState; products: ProductState; cart: CartState; orders: OrderState; ui: UIState; wishlist: WishlistState; notifications: NotificationState; admin: AdminState; }, undefined, UnknownAction> & Dispatch<...>'.
  Type 'ThunkDispatch<unknown, unknown, UnknownAction>' is not assignable to type 'ThunkDispatch<{ auth: AuthState; products: ProductState; cart: CartState; orders: OrderState; ui: UIState; wishlist: WishlistState; notifications: NotificationState; admin: AdminState; }, undefined, UnknownAction>'.
    Type 'unknown' is not assignable to type '{ auth: AuthState; products: ProductState; cart: CartState; orders: OrderState; ui: UIState; wishlist: WishlistState; notifications: NotificationState; admin: AdminState; }'.
src/store/slices/productSlice.ts(48,43): error TS2345: Argument of type 'ThunkDispatch<unknown, unknown, UnknownAction>' is not assignable to parameter of type 'ThunkDispatch<{ auth: AuthState; products: ProductState; cart: CartState; orders: OrderState; ui: UIState; wishlist: WishlistState; notifications: NotificationState; admin: AdminState; }, undefined, UnknownAction> & Dispatch<...>'.
  Type 'ThunkDispatch<unknown, unknown, UnknownAction>' is not assignable to type 'ThunkDispatch<{ auth: AuthState; products: ProductState; cart: CartState; orders: OrderState; ui: UIState; wishlist: WishlistState; notifications: NotificationState; admin: AdminState; }, undefined, UnknownAction>'.
    Type 'unknown' is not assignable to type '{ auth: AuthState; products: ProductState; cart: CartState; orders: OrderState; ui: UIState; wishlist: WishlistState; notifications: NotificationState; admin: AdminState; }'.
src/store/slices/productSlice.ts(60,45): error TS2345: Argument of type 'ThunkDispatch<unknown, unknown, UnknownAction>' is not assignable to parameter of type 'ThunkDispatch<{ auth: AuthState; products: ProductState; cart: CartState; orders: OrderState; ui: UIState; wishlist: WishlistState; notifications: NotificationState; admin: AdminState; }, undefined, UnknownAction> & Dispatch<...>'.
  Type 'ThunkDispatch<unknown, unknown, UnknownAction>' is not assignable to type 'ThunkDispatch<{ auth: AuthState; products: ProductState; cart: CartState; orders: OrderState; ui: UIState; wishlist: WishlistState; notifications: NotificationState; admin: AdminState; }, undefined, UnknownAction>'.
    Type 'unknown' is not assignable to type '{ auth: AuthState; products: ProductState; cart: CartState; orders: OrderState; ui: UIState; wishlist: WishlistState; notifications: NotificationState; admin: AdminState; }'.
src/store/slices/productSlice.ts(73,45): error TS2345: Argument of type 'ThunkDispatch<unknown, unknown, UnknownAction>' is not assignable to parameter of type 'ThunkDispatch<{ auth: AuthState; products: ProductState; cart: CartState; orders: OrderState; ui: UIState; wishlist: WishlistState; notifications: NotificationState; admin: AdminState; }, undefined, UnknownAction> & Dispatch<...>'.
  Type 'ThunkDispatch<unknown, unknown, UnknownAction>' is not assignable to type 'ThunkDispatch<{ auth: AuthState; products: ProductState; cart: CartState; orders: OrderState; ui: UIState; wishlist: WishlistState; notifications: NotificationState; admin: AdminState; }, undefined, UnknownAction>'.
    Type 'unknown' is not assignable to type '{ auth: AuthState; products: ProductState; cart: CartState; orders: OrderState; ui: UIState; wishlist: WishlistState; notifications: NotificationState; admin: AdminState; }'.
src/store/slices/productSlice.ts(86,45): error TS2345: Argument of type 'ThunkDispatch<unknown, unknown, UnknownAction>' is not assignable to parameter of type 'ThunkDispatch<{ auth: AuthState; products: ProductState; cart: CartState; orders: OrderState; ui: UIState; wishlist: WishlistState; notifications: NotificationState; admin: AdminState; }, undefined, UnknownAction> & Dispatch<...>'.
  Type 'ThunkDispatch<unknown, unknown, UnknownAction>' is not assignable to type 'ThunkDispatch<{ auth: AuthState; products: ProductState; cart: CartState; orders: OrderState; ui: UIState; wishlist: WishlistState; notifications: NotificationState; admin: AdminState; }, undefined, UnknownAction>'.
    Type 'unknown' is not assignable to type '{ auth: AuthState; products: ProductState; cart: CartState; orders: OrderState; ui: UIState; wishlist: WishlistState; notifications: NotificationState; admin: AdminState; }'.
src/store/slices/wishlistSlice.ts(23,43): error TS2345: Argument of type 'ThunkDispatch<unknown, unknown, UnknownAction>' is not assignable to parameter of type 'ThunkDispatch<{ auth: AuthState; products: ProductState; cart: CartState; orders: OrderState; ui: UIState; wishlist: WishlistState; notifications: NotificationState; admin: AdminState; }, undefined, UnknownAction> & Dispatch<...>'.
  Type 'ThunkDispatch<unknown, unknown, UnknownAction>' is not assignable to type 'ThunkDispatch<{ auth: AuthState; products: ProductState; cart: CartState; orders: OrderState; ui: UIState; wishlist: WishlistState; notifications: NotificationState; admin: AdminState; }, undefined, UnknownAction>'.
    Type 'unknown' is not assignable to type '{ auth: AuthState; products: ProductState; cart: CartState; orders: OrderState; ui: UIState; wishlist: WishlistState; notifications: NotificationState; admin: AdminState; }'.
src/store/slices/wishlistSlice.ts(33,24): error TS2345: Argument of type 'ThunkDispatch<unknown, unknown, UnknownAction>' is not assignable to parameter of type 'ThunkDispatch<{ auth: AuthState; products: ProductState; cart: CartState; orders: OrderState; ui: UIState; wishlist: WishlistState; notifications: NotificationState; admin: AdminState; }, undefined, UnknownAction> & Dispatch<...>'.
  Type 'ThunkDispatch<unknown, unknown, UnknownAction>' is not assignable to type 'ThunkDispatch<{ auth: AuthState; products: ProductState; cart: CartState; orders: OrderState; ui: UIState; wishlist: WishlistState; notifications: NotificationState; admin: AdminState; }, undefined, UnknownAction>'.
    Type 'unknown' is not assignable to type '{ auth: AuthState; products: ProductState; cart: CartState; orders: OrderState; ui: UIState; wishlist: WishlistState; notifications: NotificationState; admin: AdminState; }'.
src/store/slices/wishlistSlice.ts(36,45): error TS2345: Argument of type 'ThunkDispatch<unknown, unknown, UnknownAction>' is not assignable to parameter of type 'ThunkDispatch<{ auth: AuthState; products: ProductState; cart: CartState; orders: OrderState; ui: UIState; wishlist: WishlistState; notifications: NotificationState; admin: AdminState; }, undefined, UnknownAction> & Dispatch<...>'.
  Type 'ThunkDispatch<unknown, unknown, UnknownAction>' is not assignable to type 'ThunkDispatch<{ auth: AuthState; products: ProductState; cart: CartState; orders: OrderState; ui: UIState; wishlist: WishlistState; notifications: NotificationState; admin: AdminState; }, undefined, UnknownAction>'.
    Type 'unknown' is not assignable to type '{ auth: AuthState; products: ProductState; cart: CartState; orders: OrderState; ui: UIState; wishlist: WishlistState; notifications: NotificationState; admin: AdminState; }'.
src/store/slices/wishlistSlice.ts(47,24): error TS2345: Argument of type 'ThunkDispatch<unknown, unknown, UnknownAction>' is not assignable to parameter of type 'ThunkDispatch<{ auth: AuthState; products: ProductState; cart: CartState; orders: OrderState; ui: UIState; wishlist: WishlistState; notifications: NotificationState; admin: AdminState; }, undefined, UnknownAction> & Dispatch<...>'.
  Type 'ThunkDispatch<unknown, unknown, UnknownAction>' is not assignable to type 'ThunkDispatch<{ auth: AuthState; products: ProductState; cart: CartState; orders: OrderState; ui: UIState; wishlist: WishlistState; notifications: NotificationState; admin: AdminState; }, undefined, UnknownAction>'.
    Type 'unknown' is not assignable to type '{ auth: AuthState; products: ProductState; cart: CartState; orders: OrderState; ui: UIState; wishlist: WishlistState; notifications: NotificationState; admin: AdminState; }'.
src/store/slices/wishlistSlice.ts(50,45): error TS2345: Argument of type 'ThunkDispatch<unknown, unknown, UnknownAction>' is not assignable to parameter of type 'ThunkDispatch<{ auth: AuthState; products: ProductState; cart: CartState; orders: OrderState; ui: UIState; wishlist: WishlistState; notifications: NotificationState; admin: AdminState; }, undefined, UnknownAction> & Dispatch<...>'.
  Type 'ThunkDispatch<unknown, unknown, UnknownAction>' is not assignable to type 'ThunkDispatch<{ auth: AuthState; products: ProductState; cart: CartState; orders: OrderState; ui: UIState; wishlist: WishlistState; notifications: NotificationState; admin: AdminState; }, undefined, UnknownAction>'.
    Type 'unknown' is not assignable to type '{ auth: AuthState; products: ProductState; cart: CartState; orders: OrderState; ui: UIState; wishlist: WishlistState; notifications: NotificationState; admin: AdminState; }'.
